## /opt/cubit/13.2-48137/bin/clarox
## Cubit Version 13.2
## Cubit Build 48137
## Revised 2012-05-31 10:27:28 -0600 (Thu, 31 May 2012)
## Running 09/24/2014 10:21:18 PM
## Command Options:
## -warning = On
## -information = On
create sphere radius 1 ypositive zpositive
create sphere radius 0.2
move volume 2 x 0.4 include_merged
chop volume 1 with volume 2
delete volume 3
create frustum height 2 radius 1 top 0.1
delete volume 5
create frustum height 2 radius 0.1 top 0
delete volume 6
create frustum height 2 radius 0.2 top 0
delete volume 7
create frustum height 2 radius 0.4 top 0
move volume 8 x 0 y 0 z -1 include_merged
rotate volume 8 angle 90 about y include_merged
move volume 8 x 0.4 y 0 z 0 include_merged
delete volume 8
create frustum height 2 radius 0.8 top 0
move volume 9 x 0 y 0 z -1 include_merged
rotate volume 9 angle 90 about y include_merged
move volume 9 x 0.4 y 0 z 0 include_merged
webcut volume 4 tool volume 9
volume 9 reflect x
move volume 9 x 0.8 y 0 z 0 include_merged
webcut volume 4 tool volume 9
delete volume 9
imprint volume all
merge volume all

surface 30 size 0.015
mesh surface 30
surface 39 size 0.015
mesh surface 39
curve 10 24 22 scheme bias fine size 0.015 coarse size 0.05
curve 24 tangent opposite
curve 10 24 22 interval 25
curve 10 24 22 scheme bias factor 1.1
mesh curve 10 24 22
volume 10 size auto factor 5
mesh volume 10
curve 9 tangent opposite
curve 38 tangent opposite
curve 40 9 38 interval 15
curve 40 9 38 scheme bias factor 1.1
mesh curve 40 9 38
volume 11 size auto factor 5
mesh volume 11
curve 44 size 0.015
curve 44 scheme equal
mesh curve 44
surface 36 size auto factor 5
mesh surface 36
volume 4 size auto factor 5
mesh volume 4

block 1 volume 10 4 11
sideset 1 surface 28 36 38 31 34 40
sideset 2 surface 35 30 39
sideset 3 surface 41 33 29
set large exodus file off
export genesis "mesh1-coarse.exo" overwrite

refine volume 10 4 11 numsplit 1 bias 1 depth 1 smooth
set large exodus file off
export genesis "mesh1-medium.exo" overwrite

refine volume 10 4 11 numsplit 1 bias 1 depth 1 smooth
volume 10 4 11 smooth scheme smart laplacian
smooth volume 10 4 11
surface all smooth scheme centroid area pull
smooth surface all
smooth surface all
set large exodus file off
export genesis "mesh1-fine.exo" overwrite
